Jul-15 17:15:16.045 [main] DEBUG nextflow.cli.Launcher - $> nextflow run main.nf -profile vsc --samplesheet samplesheet_stunnenberg_N.csv --slurm_account lp_big_wice_cpu --outdir /user/leuven/359/vsc35918/awinderickx/projects/crc/healthy/stunnenberg_normal/ --genome hg38 --species human --tsse_mode global --barcode_translation skip --gtf /user/leuven/359/vsc35918/lcb/awinderickx/genomes/gencode.v47.annotation.gtf --markers assets/healthy_colon_markers.yaml -name stunnenberg_N_v2
Jul-15 17:15:16.139 [main] INFO  nextflow.cli.CmdRun - N E X T F L O W  ~  version 25.04.8
Jul-15 17:15:16.157 [main] DEBUG nextflow.plugin.PluginsFacade - Setting up plugin manager > mode=prod; embedded=false; plugins-dir=/user/leuven/359/vsc35918/.nextflow/plugins; core-plugins: nf-amazon@2.15.0-patch2,nf-azure@1.16.0-patch1,nf-cloudcache@0.4.3,nf-codecommit@0.2.3,nf-console@1.2.1,nf-google@1.21.1,nf-k8s@1.0.1,nf-tower@1.11.4-patch2,nf-wave@1.12.1
Jul-15 17:15:16.183 [main] INFO  o.pf4j.DefaultPluginStatusProvider - Enabled plugins: []
Jul-15 17:15:16.184 [main] INFO  o.pf4j.DefaultPluginStatusProvider - Disabled plugins: []
Jul-15 17:15:16.187 [main] INFO  org.pf4j.DefaultPluginManager - PF4J version 3.12.0 in 'deployment' mode
Jul-15 17:15:16.197 [main] INFO  org.pf4j.AbstractPluginManager - No plugins
Jul-15 17:15:16.215 [main] DEBUG nextflow.config.ConfigBuilder - Found config local: /vsc-hard-mounts/leuven-data/359/vsc35918/EmMulti/nextflow.config
Jul-15 17:15:16.217 [main] DEBUG nextflow.config.ConfigBuilder - Parsing config file: /vsc-hard-mounts/leuven-data/359/vsc35918/EmMulti/nextflow.config
Jul-15 17:15:16.255 [main] DEBUG n.secret.LocalSecretsProvider - Secrets store: /user/leuven/359/vsc35918/.nextflow/secrets/store.json
Jul-15 17:15:16.258 [main] DEBUG nextflow.secret.SecretsLoader - Discovered secrets providers: [nextflow.secret.LocalSecretsProvider@3bcd426c] - activable => nextflow.secret.LocalSecretsProvider@3bcd426c
Jul-15 17:15:16.270 [main] DEBUG nextflow.config.ConfigBuilder - Applying config profile: `vsc`
Jul-15 17:15:16.930 [main] DEBUG nextflow.config.ConfigBuilder - Available config profiles: [standard, test, vsc, conda]
Jul-15 17:15:16.957 [main] DEBUG nextflow.cli.CmdRun - Applied DSL=2 from script declaration
Jul-15 17:15:16.969 [main] INFO  nextflow.cli.CmdRun - Launching `main.nf` [stunnenberg_N_v2] DSL2 - revision: 14b9d4a9e9
Jul-15 17:15:16.970 [main] DEBUG nextflow.plugin.PluginsFacade - Plugins default=[]
Jul-15 17:15:16.971 [main] DEBUG nextflow.plugin.PluginsFacade - Plugins resolved requirement=[]
Jul-15 17:15:17.011 [main] DEBUG nextflow.Session - Session UUID: d03a322f-1ae2-4a8e-96c6-b5cbb81fc9a6
Jul-15 17:15:17.011 [main] DEBUG nextflow.Session - Run name: stunnenberg_N_v2
Jul-15 17:15:17.012 [main] DEBUG nextflow.Session - Executor pool size: 4
Jul-15 17:15:17.019 [main] DEBUG nextflow.file.FilePorter - File porter settings maxRetries=3; maxTransfers=50; pollTimeout=null
Jul-15 17:15:17.023 [main] DEBUG nextflow.util.ThreadPoolBuilder - Creating thread pool 'FileTransfer' minSize=10; maxSize=12; workQueue=LinkedBlockingQueue[-1]; allowCoreThreadTimeout=false
Jul-15 17:15:17.041 [main] DEBUG nextflow.cli.CmdRun - 
  Version: 25.04.8 build 5956
  Created: 06-10-2025 21:19 UTC (23:19 CEST)
  System: Linux 5.14.0-687.17.1.20260609.el9.x86_64
  Runtime: Groovy 4.0.26 on OpenJDK 64-Bit Server VM 23.0.2+7
  Encoding: UTF-8 (UTF-8)
  Process: 2491552@g28l22 [10.118.228.80]
  CPUs: 4 - Mem: 2 TB (1.4 TB) - Swap: 2 GB (2 GB)
Jul-15 17:15:17.064 [main] DEBUG nextflow.Session - Work-dir: /lustre1/scratch/359/vsc35918/nextflow-work [lustre]
Jul-15 17:15:17.092 [main] DEBUG nextflow.executor.ExecutorFactory - Extension executors providers=[]
Jul-15 17:15:17.100 [main] DEBUG nextflow.Session - Observer factory: DefaultObserverFactory
Jul-15 17:15:17.121 [main] DEBUG nextflow.Session - Observer factory (v2): LinObserverFactory
Jul-15 17:15:17.142 [main] DEBUG nextflow.cache.CacheFactory - Using Nextflow cache factory: nextflow.cache.DefaultCacheFactory
Jul-15 17:15:17.150 [main] DEBUG nextflow.util.CustomThreadPool - Creating default thread pool > poolSize: 5; maxThreads: 1000
Jul-15 17:15:17.208 [main] DEBUG nextflow.Session - Session start
Jul-15 17:15:17.212 [main] DEBUG nextflow.trace.TraceFileObserver - Workflow started -- trace file: /user/leuven/359/vsc35918/awinderickx/projects/crc/healthy/stunnenberg_normal/pipeline_info/trace.txt
Jul-15 17:15:17.489 [main] DEBUG nextflow.script.ScriptRunner - > Launching execution
Jul-15 17:15:17.922 [main] DEBUG nextflow.script.ProcessConfig - Config settings `withLabel:process_medium` matches labels `process_medium` for process with name ATAC_IMPORT
Jul-15 17:15:17.931 [main] DEBUG nextflow.executor.ExecutorFactory - << taskConfig executor: slurm
Jul-15 17:15:17.931 [main] DEBUG nextflow.executor.ExecutorFactory - >> processorType: 'slurm'
Jul-15 17:15:17.940 [main] DEBUG nextflow.executor.Executor - [warm up] executor > slurm
Jul-15 17:15:17.946 [main] DEBUG n.processor.TaskPollingMonitor - Creating task monitor for executor 'slurm' > capacity: 30; pollInterval: 5s; dumpInterval: 5m 
Jul-15 17:15:17.948 [main] DEBUG n.processor.TaskPollingMonitor - >>> barrier register (monitor: slurm)
Jul-15 17:15:17.949 [main] DEBUG n.processor.TaskPollingMonitor - Creating submit rate limit of 10 submissions per 60 seconds
Jul-15 17:15:17.952 [main] DEBUG n.executor.AbstractGridExecutor - Creating executor 'slurm' > queue-stat-interval: 1m
Jul-15 17:15:17.968 [main] DEBUG nextflow.processor.TaskProcessor - Creating process 'ATAC_IMPORT': maxForks=0; fair=false; array=0
Jul-15 17:15:18.000 [main] DEBUG nextflow.script.ProcessConfig - Config settings `withLabel:process_low` matches labels `process_low` for process with name ATAC_TSSE_THRESHOLD
Jul-15 17:15:18.002 [main] DEBUG nextflow.executor.ExecutorFactory - << taskConfig executor: slurm
Jul-15 17:15:18.016 [main] DEBUG nextflow.executor.ExecutorFactory - >> processorType: 'slurm'
Jul-15 17:15:18.017 [main] DEBUG nextflow.processor.TaskProcessor - Creating process 'ATAC_TSSE_THRESHOLD': maxForks=0; fair=false; array=0
Jul-15 17:15:18.023 [main] DEBUG nextflow.script.ProcessConfig - Config settings `withLabel:process_high` matches labels `process_high` for process with name ATAC_EMBED
Jul-15 17:15:18.025 [main] DEBUG nextflow.executor.ExecutorFactory - << taskConfig executor: slurm
Jul-15 17:15:18.025 [main] DEBUG nextflow.executor.ExecutorFactory - >> processorType: 'slurm'
Jul-15 17:15:18.025 [main] DEBUG nextflow.processor.TaskProcessor - Creating process 'ATAC_EMBED': maxForks=0; fair=false; array=0
Jul-15 17:15:18.037 [main] DEBUG nextflow.script.ProcessConfig - Config settings `withLabel:process_low` matches labels `process_low` for process with name RNA_IMPORT
Jul-15 17:15:18.038 [main] DEBUG nextflow.executor.ExecutorFactory - << taskConfig executor: slurm
Jul-15 17:15:18.038 [main] DEBUG nextflow.executor.ExecutorFactory - >> processorType: 'slurm'
Jul-15 17:15:18.039 [main] DEBUG nextflow.processor.TaskProcessor - Creating process 'RNA_IMPORT': maxForks=0; fair=false; array=0
Jul-15 17:15:18.044 [main] DEBUG nextflow.script.ProcessConfig - Config settings `withLabel:process_high` matches labels `process_high` for process with name RNA_QC_EMBED
Jul-15 17:15:18.045 [main] DEBUG nextflow.executor.ExecutorFactory - << taskConfig executor: slurm
Jul-15 17:15:18.045 [main] DEBUG nextflow.executor.ExecutorFactory - >> processorType: 'slurm'
Jul-15 17:15:18.046 [main] DEBUG nextflow.processor.TaskProcessor - Creating process 'RNA_QC_EMBED': maxForks=0; fair=false; array=0
Jul-15 17:15:18.055 [main] DEBUG nextflow.script.ProcessConfig - Config settings `withLabel:process_high` matches labels `process_high` for process with name WNN_INTEGRATE_HARMONY
Jul-15 17:15:18.057 [main] DEBUG nextflow.executor.ExecutorFactory - << taskConfig executor: slurm
Jul-15 17:15:18.057 [main] DEBUG nextflow.executor.ExecutorFactory - >> processorType: 'slurm'
Jul-15 17:15:18.057 [main] DEBUG nextflow.processor.TaskProcessor - Creating process 'WNN_INTEGRATE_HARMONY': maxForks=0; fair=false; array=0
Jul-15 17:15:18.064 [main] DEBUG nextflow.script.ProcessConfig - Config settings `withLabel:process_medium` matches labels `process_medium` for process with name ANNOTATE_HARMONY
Jul-15 17:15:18.065 [main] DEBUG nextflow.executor.ExecutorFactory - << taskConfig executor: slurm
Jul-15 17:15:18.066 [main] DEBUG nextflow.executor.ExecutorFactory - >> processorType: 'slurm'
Jul-15 17:15:18.066 [main] DEBUG nextflow.processor.TaskProcessor - Creating process 'ANNOTATE_HARMONY': maxForks=0; fair=false; array=0
Jul-15 17:15:18.071 [main] DEBUG nextflow.script.ProcessConfig - Config settings `withLabel:process_medium` matches labels `process_medium` for process with name PLOTS_HARMONY
Jul-15 17:15:18.073 [main] DEBUG nextflow.executor.ExecutorFactory - << taskConfig executor: slurm
Jul-15 17:15:18.073 [main] DEBUG nextflow.executor.ExecutorFactory - >> processorType: 'slurm'
Jul-15 17:15:18.073 [main] DEBUG nextflow.processor.TaskProcessor - Creating process 'PLOTS_HARMONY': maxForks=0; fair=false; array=0
Jul-15 17:15:18.079 [main] DEBUG nextflow.script.ProcessConfig - Config settings `withLabel:process_high` matches labels `process_high` for process with name WNN_INTEGRATE_RAW
Jul-15 17:15:18.080 [main] DEBUG nextflow.executor.ExecutorFactory - << taskConfig executor: slurm
Jul-15 17:15:18.080 [main] DEBUG nextflow.executor.ExecutorFactory - >> processorType: 'slurm'
Jul-15 17:15:18.081 [main] DEBUG nextflow.processor.TaskProcessor - Creating process 'WNN_INTEGRATE_RAW': maxForks=0; fair=false; array=0
Jul-15 17:15:18.085 [main] DEBUG nextflow.script.ProcessConfig - Config settings `withLabel:process_medium` matches labels `process_medium` for process with name ANNOTATE_RAW
Jul-15 17:15:18.087 [main] DEBUG nextflow.executor.ExecutorFactory - << taskConfig executor: slurm
Jul-15 17:15:18.087 [main] DEBUG nextflow.executor.ExecutorFactory - >> processorType: 'slurm'
Jul-15 17:15:18.088 [main] DEBUG nextflow.processor.TaskProcessor - Creating process 'ANNOTATE_RAW': maxForks=0; fair=false; array=0
Jul-15 17:15:18.091 [main] DEBUG nextflow.script.ProcessConfig - Config settings `withLabel:process_medium` matches labels `process_medium` for process with name PLOTS_RAW
Jul-15 17:15:18.092 [main] DEBUG nextflow.executor.ExecutorFactory - << taskConfig executor: slurm
Jul-15 17:15:18.092 [main] DEBUG nextflow.executor.ExecutorFactory - >> processorType: 'slurm'
Jul-15 17:15:18.092 [main] DEBUG nextflow.processor.TaskProcessor - Creating process 'PLOTS_RAW': maxForks=0; fair=false; array=0
Jul-15 17:15:18.095 [main] DEBUG nextflow.Session - Workflow process names [dsl2]: ANNOTATE, PLOTS_RAW, WNN_INTEGRATE, RNA_QC_EMBED, WNN_INTEGRATE_HARMONY, RNA_IMPORT, ATAC_IMPORT, ATAC_TSSE_THRESHOLD, WNN_INTEGRATE_RAW, PLOTS_HARMONY, PLOTS, ANNOTATE_RAW, ATAC_EMBED, ANNOTATE_HARMONY
Jul-15 17:15:18.097 [main] DEBUG nextflow.Session - Igniting dataflow network (15)
Jul-15 17:15:18.102 [main] DEBUG nextflow.processor.TaskProcessor - Starting process > ATAC_IMPORT
Jul-15 17:15:18.102 [main] DEBUG nextflow.processor.TaskProcessor - Starting process > ATAC_TSSE_THRESHOLD
Jul-15 17:15:18.102 [main] DEBUG nextflow.processor.TaskProcessor - Starting process > ATAC_EMBED
Jul-15 17:15:18.103 [main] DEBUG nextflow.processor.TaskProcessor - Starting process > RNA_IMPORT
Jul-15 17:15:18.103 [main] DEBUG nextflow.processor.TaskProcessor - Starting process > RNA_QC_EMBED
Jul-15 17:15:18.103 [main] DEBUG nextflow.processor.TaskProcessor - Starting process > WNN_INTEGRATE_HARMONY
Jul-15 17:15:18.105 [main] DEBUG nextflow.processor.TaskProcessor - Starting process > ANNOTATE_HARMONY
Jul-15 17:15:18.105 [main] DEBUG nextflow.processor.TaskProcessor - Starting process > PLOTS_HARMONY
Jul-15 17:15:18.105 [main] DEBUG nextflow.processor.TaskProcessor - Starting process > WNN_INTEGRATE_RAW
Jul-15 17:15:18.105 [main] DEBUG nextflow.processor.TaskProcessor - Starting process > ANNOTATE_RAW
Jul-15 17:15:18.105 [main] DEBUG nextflow.processor.TaskProcessor - Starting process > PLOTS_RAW
Jul-15 17:15:18.105 [main] DEBUG nextflow.script.ScriptRunner - Parsed script files:
  Script_47ce5e88485954f5: /vsc-hard-mounts/leuven-data/359/vsc35918/EmMulti/modules/rna.nf
  Script_9af17aaa4d2a514a: /vsc-hard-mounts/leuven-data/359/vsc35918/EmMulti/modules/atac.nf
  Script_f2cb09a0f62ee1bd: /vsc-hard-mounts/leuven-data/359/vsc35918/EmMulti/modules/wnn.nf
  Script_5e656363f6e2c496: /vsc-hard-mounts/leuven-data/359/vsc35918/EmMulti/main.nf
Jul-15 17:15:18.106 [main] DEBUG nextflow.script.ScriptRunner - > Awaiting termination 
Jul-15 17:15:18.106 [main] DEBUG nextflow.Session - Session await
Jul-15 17:15:18.184 [Actor Thread 10] DEBUG nextflow.conda.CondaCache - mamba found local env for environment=/lustre1/project/stg_00002/lcb/awinderickx/envs/snapatac2_jan26; path=/lustre1/project/stg_00002/lcb/awinderickx/envs/snapatac2_jan26
Jul-15 17:15:18.195 [Actor Thread 12] DEBUG nextflow.conda.CondaCache - mamba found local env for environment=/lustre1/project/stg_00002/lcb/awinderickx/envs/scrna_nov25; path=/lustre1/project/stg_00002/lcb/awinderickx/envs/scrna_nov25
Jul-15 17:15:18.561 [Task submitter] DEBUG nextflow.executor.GridTaskHandler - [SLURM] submitted process RNA_IMPORT (stunnenberg_NP001) > jobId: 61467865; workDir: /lustre1/scratch/359/vsc35918/nextflow-work/f9/98fef63ff0d59168a428c1b7796a11
Jul-15 17:15:18.561 [Task submitter] INFO  nextflow.Session - [f9/98fef6] Submitted process > RNA_IMPORT (stunnenberg_NP001)
Jul-15 17:15:24.214 [Task submitter] DEBUG nextflow.executor.GridTaskHandler - [SLURM] submitted process RNA_IMPORT (stunnenberg_NP003) > jobId: 61467869; workDir: /lustre1/scratch/359/vsc35918/nextflow-work/b6/46c1cbe889fa71d4b2dbfa0f6b9f91
Jul-15 17:15:24.215 [Task submitter] INFO  nextflow.Session - [b6/46c1cb] Submitted process > RNA_IMPORT (stunnenberg_NP003)
Jul-15 17:15:30.225 [Task submitter] DEBUG nextflow.executor.GridTaskHandler - [SLURM] submitted process ATAC_IMPORT (stunnenberg_NP003) > jobId: 61467872; workDir: /lustre1/scratch/359/vsc35918/nextflow-work/7c/d3daef2ad6546fcdc130510c0621de
Jul-15 17:15:30.225 [Task submitter] INFO  nextflow.Session - [7c/d3daef] Submitted process > ATAC_IMPORT (stunnenberg_NP003)
Jul-15 17:15:36.206 [Task submitter] DEBUG nextflow.executor.GridTaskHandler - [SLURM] submitted process ATAC_IMPORT (stunnenberg_NP002) > jobId: 61467875; workDir: /lustre1/scratch/359/vsc35918/nextflow-work/a9/836635734fe874e4d9a702a6aae7f4
Jul-15 17:15:36.206 [Task submitter] INFO  nextflow.Session - [a9/836635] Submitted process > ATAC_IMPORT (stunnenberg_NP002)
Jul-15 17:15:42.207 [Task submitter] DEBUG nextflow.executor.GridTaskHandler - [SLURM] submitted process ATAC_IMPORT (stunnenberg_NP001) > jobId: 61467878; workDir: /lustre1/scratch/359/vsc35918/nextflow-work/65/3c3101916a3d733c456cbe702d3e53
Jul-15 17:15:42.207 [Task submitter] INFO  nextflow.Session - [65/3c3101] Submitted process > ATAC_IMPORT (stunnenberg_NP001)
Jul-15 17:15:48.198 [Task submitter] DEBUG nextflow.executor.GridTaskHandler - [SLURM] submitted process RNA_IMPORT (stunnenberg_NP002) > jobId: 61467881; workDir: /lustre1/scratch/359/vsc35918/nextflow-work/d3/e701a3ef1da9822c8154324bc72447
Jul-15 17:15:48.198 [Task submitter] INFO  nextflow.Session - [d3/e701a3] Submitted process > RNA_IMPORT (stunnenberg_NP002)
Jul-15 17:15:54.213 [Task submitter] DEBUG nextflow.executor.GridTaskHandler - [SLURM] submitted process ATAC_IMPORT (stunnenberg_NP004) > jobId: 61467885; workDir: /lustre1/scratch/359/vsc35918/nextflow-work/eb/9b47aa3e17567882f4aba4fe5cfbb3
Jul-15 17:15:54.214 [Task submitter] INFO  nextflow.Session - [eb/9b47aa] Submitted process > ATAC_IMPORT (stunnenberg_NP004)
Jul-15 17:16:00.210 [Task submitter] DEBUG nextflow.executor.GridTaskHandler - [SLURM] submitted process RNA_IMPORT (stunnenberg_NP004) > jobId: 61467889; workDir: /lustre1/scratch/359/vsc35918/nextflow-work/98/9cf1182927207a31c578438e200c28
Jul-15 17:16:00.211 [Task submitter] INFO  nextflow.Session - [98/9cf118] Submitted process > RNA_IMPORT (stunnenberg_NP004)
Jul-15 17:16:06.200 [Task submitter] DEBUG nextflow.executor.GridTaskHandler - [SLURM] submitted process RNA_IMPORT (stunnenberg_NP005) > jobId: 61467892; workDir: /lustre1/scratch/359/vsc35918/nextflow-work/74/9f11e45423f27366df12326254b0c3
Jul-15 17:16:06.201 [Task submitter] INFO  nextflow.Session - [74/9f11e4] Submitted process > RNA_IMPORT (stunnenberg_NP005)
Jul-15 17:16:12.217 [Task submitter] DEBUG nextflow.executor.GridTaskHandler - [SLURM] submitted process RNA_IMPORT (stunnenberg_NP006) > jobId: 61467898; workDir: /lustre1/scratch/359/vsc35918/nextflow-work/56/a6376870c895da44d1a68099c7b764
Jul-15 17:16:12.217 [Task submitter] INFO  nextflow.Session - [56/a63768] Submitted process > RNA_IMPORT (stunnenberg_NP006)
Jul-15 17:16:18.214 [Task submitter] DEBUG nextflow.executor.GridTaskHandler - [SLURM] submitted process ATAC_IMPORT (stunnenberg_NP005) > jobId: 61467901; workDir: /lustre1/scratch/359/vsc35918/nextflow-work/6b/a367b5918b770d2262e6944ec3caaa
Jul-15 17:16:18.214 [Task submitter] INFO  nextflow.Session - [6b/a367b5] Submitted process > ATAC_IMPORT (stunnenberg_NP005)
Jul-15 17:16:22.962 [Task monitor] DEBUG n.processor.TaskPollingMonitor - Task completed > TaskHandler[jobId: 61467869; id: 8; name: RNA_IMPORT (stunnenberg_NP003); status: COMPLETED; exit: 0; error: -; workDir: /lustre1/scratch/359/vsc35918/nextflow-work/b6/46c1cbe889fa71d4b2dbfa0f6b9f91 started: 1784128577958; exited: 2026-07-15T15:16:21Z; ]
Jul-15 17:16:22.962 [Task monitor] DEBUG nextflow.util.ThreadPoolBuilder - Creating thread pool 'TaskFinalizer' minSize=10; maxSize=12; workQueue=LinkedBlockingQueue[-1]; allowCoreThreadTimeout=false
Jul-15 17:16:24.220 [Task submitter] DEBUG nextflow.executor.GridTaskHandler - [SLURM] submitted process RNA_IMPORT (stunnenberg_NP009) > jobId: 61467905; workDir: /lustre1/scratch/359/vsc35918/nextflow-work/f8/5242b487516d40dad6cff5c54f8eb8
Jul-15 17:16:24.220 [Task submitter] INFO  nextflow.Session - [f8/5242b4] Submitted process > RNA_IMPORT (stunnenberg_NP009)
Jul-15 17:16:27.978 [Task monitor] DEBUG n.processor.TaskPollingMonitor - Task completed > TaskHandler[jobId: 61467889; id: 9; name: RNA_IMPORT (stunnenberg_NP004); status: COMPLETED; exit: 0; error: -; workDir: /lustre1/scratch/359/vsc35918/nextflow-work/98/9cf1182927207a31c578438e200c28 started: 1784128577964; exited: 2026-07-15T15:16:23Z; ]
Jul-15 17:16:30.203 [Task submitter] DEBUG nextflow.executor.GridTaskHandler - [SLURM] submitted process ATAC_IMPORT (stunnenberg_NP008) > jobId: 61467909; workDir: /lustre1/scratch/359/vsc35918/nextflow-work/7d/fe71dfc34cfc8f735efd88786d3682
Jul-15 17:16:30.203 [Task submitter] INFO  nextflow.Session - [7d/fe71df] Submitted process > ATAC_IMPORT (stunnenberg_NP008)
Jul-15 17:16:32.962 [Task monitor] DEBUG n.processor.TaskPollingMonitor - Task completed > TaskHandler[jobId: 61467892; id: 10; name: RNA_IMPORT (stunnenberg_NP005); status: COMPLETED; exit: 0; error: -; workDir: /lustre1/scratch/359/vsc35918/nextflow-work/74/9f11e45423f27366df12326254b0c3 started: 1784128587979; exited: 2026-07-15T15:16:31Z; ]
Jul-15 17:16:36.203 [Task submitter] DEBUG nextflow.executor.GridTaskHandler - [SLURM] submitted process RNA_IMPORT (stunnenberg_NP007) > jobId: 61467912; workDir: /lustre1/scratch/359/vsc35918/nextflow-work/96/31c3385200d56db84313432d7450b5
Jul-15 17:16:36.204 [Task submitter] INFO  nextflow.Session - [96/31c338] Submitted process > RNA_IMPORT (stunnenberg_NP007)
Jul-15 17:16:37.960 [Task monitor] DEBUG n.processor.TaskPollingMonitor - Task completed > TaskHandler[jobId: 61467865; id: 1; name: RNA_IMPORT (stunnenberg_NP001); status: COMPLETED; exit: 0; error: -; workDir: /lustre1/scratch/359/vsc35918/nextflow-work/f9/98fef63ff0d59168a428c1b7796a11 started: 1784128587959; exited: 2026-07-15T15:16:35Z; ]
Jul-15 17:16:37.964 [Task monitor] DEBUG n.processor.TaskPollingMonitor - Task completed > TaskHandler[jobId: 61467881; id: 5; name: RNA_IMPORT (stunnenberg_NP002); status: COMPLETED; exit: 0; error: -; workDir: /lustre1/scratch/359/vsc35918/nextflow-work/d3/e701a3ef1da9822c8154324bc72447 started: 1784128587975; exited: 2026-07-15T15:16:33Z; ]
Jul-15 17:16:42.225 [Task submitter] DEBUG nextflow.executor.GridTaskHandler - [SLURM] submitted process ATAC_IMPORT (stunnenberg_NP006) > jobId: 61467915; workDir: /lustre1/scratch/359/vsc35918/nextflow-work/cc/9644fbfca8c887802b92be7587ead8
Jul-15 17:16:42.225 [Task submitter] INFO  nextflow.Session - [cc/9644fb] Submitted process > ATAC_IMPORT (stunnenberg_NP006)
Jul-15 17:16:48.216 [Task submitter] DEBUG nextflow.executor.GridTaskHandler - [SLURM] submitted process ATAC_IMPORT (stunnenberg_NP007) > jobId: 61467918; workDir: /lustre1/scratch/359/vsc35918/nextflow-work/1b/8d218c1b78be2109159aea6d0a148c
Jul-15 17:16:48.217 [Task submitter] INFO  nextflow.Session - [1b/8d218c] Submitted process > ATAC_IMPORT (stunnenberg_NP007)
Jul-15 17:16:54.208 [Task submitter] DEBUG nextflow.executor.GridTaskHandler - [SLURM] submitted process ATAC_IMPORT (stunnenberg_NP009) > jobId: 61467921; workDir: /lustre1/scratch/359/vsc35918/nextflow-work/c3/7048adf75f9f6c68b3f740d6693e9c
Jul-15 17:16:54.209 [Task submitter] INFO  nextflow.Session - [c3/7048ad] Submitted process > ATAC_IMPORT (stunnenberg_NP009)
Jul-15 17:17:00.206 [Task submitter] DEBUG nextflow.executor.GridTaskHandler - [SLURM] submitted process RNA_IMPORT (stunnenberg_NP008) > jobId: 61467924; workDir: /lustre1/scratch/359/vsc35918/nextflow-work/07/69f397250f4f6ad685efa1c9846775
Jul-15 17:17:00.207 [Task submitter] INFO  nextflow.Session - [07/69f397] Submitted process > RNA_IMPORT (stunnenberg_NP008)
Jul-15 17:17:27.977 [Task monitor] DEBUG n.processor.TaskPollingMonitor - Task completed > TaskHandler[jobId: 61467912; id: 12; name: RNA_IMPORT (stunnenberg_NP007); status: COMPLETED; exit: 0; error: -; workDir: /lustre1/scratch/359/vsc35918/nextflow-work/96/31c3385200d56db84313432d7450b5 started: 1784128637963; exited: 2026-07-15T15:17:25Z; ]
Jul-15 17:17:32.963 [Task monitor] DEBUG n.processor.TaskPollingMonitor - Task completed > TaskHandler[jobId: 61467905; id: 18; name: RNA_IMPORT (stunnenberg_NP009); status: COMPLETED; exit: 0; error: -; workDir: /lustre1/scratch/359/vsc35918/nextflow-work/f8/5242b487516d40dad6cff5c54f8eb8 started: 1784128637961; exited: 2026-07-15T15:17:32Z; ]
Jul-15 17:17:32.966 [Task monitor] DEBUG n.processor.TaskPollingMonitor - Task completed > TaskHandler[jobId: 61467924; id: 16; name: RNA_IMPORT (stunnenberg_NP008); status: COMPLETED; exit: 0; error: -; workDir: /lustre1/scratch/359/vsc35918/nextflow-work/07/69f397250f4f6ad685efa1c9846775 started: 1784128642964; exited: 2026-07-15T15:17:31Z; ]
Jul-15 17:18:02.965 [Task monitor] DEBUG n.processor.TaskPollingMonitor - Task completed > TaskHandler[jobId: 61467898; id: 11; name: RNA_IMPORT (stunnenberg_NP006); status: COMPLETED; exit: 0; error: -; workDir: /lustre1/scratch/359/vsc35918/nextflow-work/56/a6376870c895da44d1a68099c7b764 started: 1784128642961; exited: 2026-07-15T15:17:58Z; ]
Jul-15 17:18:03.601 [Task submitter] DEBUG nextflow.executor.GridTaskHandler - [SLURM] submitted process RNA_QC_EMBED > jobId: 61467952; workDir: /lustre1/scratch/359/vsc35918/nextflow-work/c0/2a3fdade6c9042cde6f38a41f36fbe
Jul-15 17:18:03.601 [Task submitter] INFO  nextflow.Session - [c0/2a3fda] Submitted process > RNA_QC_EMBED
Jul-15 17:18:12.966 [Task monitor] DEBUG n.processor.TaskPollingMonitor - Task completed > TaskHandler[jobId: 61467909; id: 15; name: ATAC_IMPORT (stunnenberg_NP008); status: COMPLETED; exit: 0; error: -; workDir: /lustre1/scratch/359/vsc35918/nextflow-work/7d/fe71dfc34cfc8f735efd88786d3682 started: 1784128637962; exited: 2026-07-15T15:18:12Z; ]
Jul-15 17:18:12.982 [TaskFinalizer-10] DEBUG nextflow.util.ThreadPoolBuilder - Creating thread pool 'PublishDir' minSize=10; maxSize=12; workQueue=LinkedBlockingQueue[-1]; allowCoreThreadTimeout=false
Jul-15 17:18:47.967 [Task monitor] DEBUG n.processor.TaskPollingMonitor - Task completed > TaskHandler[jobId: 61467875; id: 3; name: ATAC_IMPORT (stunnenberg_NP002); status: COMPLETED; exit: 0; error: -; workDir: /lustre1/scratch/359/vsc35918/nextflow-work/a9/836635734fe874e4d9a702a6aae7f4 started: 1784128587974; exited: 2026-07-15T15:18:46Z; ]
Jul-15 17:18:47.968 [Task monitor] DEBUG n.processor.TaskPollingMonitor - Task completed > TaskHandler[jobId: 61467885; id: 6; name: ATAC_IMPORT (stunnenberg_NP004); status: COMPLETED; exit: 0; error: -; workDir: /lustre1/scratch/359/vsc35918/nextflow-work/eb/9b47aa3e17567882f4aba4fe5cfbb3 started: 1784128582966; exited: 2026-07-15T15:18:46Z; ]
Jul-15 17:19:12.967 [Task monitor] DEBUG n.processor.TaskPollingMonitor - Task completed > TaskHandler[jobId: 61467878; id: 2; name: ATAC_IMPORT (stunnenberg_NP001); status: COMPLETED; exit: 0; error: -; workDir: /lustre1/scratch/359/vsc35918/nextflow-work/65/3c3101916a3d733c456cbe702d3e53 started: 1784128582965; exited: 2026-07-15T15:19:11Z; ]
Jul-15 17:19:22.968 [Task monitor] DEBUG n.processor.TaskPollingMonitor - Task completed > TaskHandler[jobId: 61467918; id: 14; name: ATAC_IMPORT (stunnenberg_NP007); status: COMPLETED; exit: 0; error: -; workDir: /lustre1/scratch/359/vsc35918/nextflow-work/1b/8d218c1b78be2109159aea6d0a148c started: 1784128642963; exited: 2026-07-15T15:19:21Z; ]
Jul-15 17:19:27.987 [Task monitor] DEBUG n.processor.TaskPollingMonitor - Task completed > TaskHandler[jobId: 61467915; id: 13; name: ATAC_IMPORT (stunnenberg_NP006); status: COMPLETED; exit: 0; error: -; workDir: /lustre1/scratch/359/vsc35918/nextflow-work/cc/9644fbfca8c887802b92be7587ead8 started: 1784128637964; exited: 2026-07-15T15:19:23Z; ]
Jul-15 17:19:47.969 [Task monitor] DEBUG n.processor.TaskPollingMonitor - Task completed > TaskHandler[jobId: 61467901; id: 7; name: ATAC_IMPORT (stunnenberg_NP005); status: COMPLETED; exit: 0; error: -; workDir: /lustre1/scratch/359/vsc35918/nextflow-work/6b/a367b5918b770d2262e6944ec3caaa started: 1784128647975; exited: 2026-07-15T15:19:44Z; ]
Jul-15 17:20:22.967 [Task monitor] DEBUG n.processor.TaskPollingMonitor - !! executor slurm > tasks to be completed: 3 -- submitted tasks are shown below
~> TaskHandler[jobId: 61467872; id: 4; name: ATAC_IMPORT (stunnenberg_NP003); status: RUNNING; exit: -; error: -; workDir: /lustre1/scratch/359/vsc35918/nextflow-work/7c/d3daef2ad6546fcdc130510c0621de started: 1784128577963; exited: -; ]
~> TaskHandler[jobId: 61467921; id: 17; name: ATAC_IMPORT (stunnenberg_NP009); status: RUNNING; exit: -; error: -; workDir: /lustre1/scratch/359/vsc35918/nextflow-work/c3/7048adf75f9f6c68b3f740d6693e9c started: 1784128642964; exited: -; ]
~> TaskHandler[jobId: 61467952; id: 19; name: RNA_QC_EMBED; status: RUNNING; exit: -; error: -; workDir: /lustre1/scratch/359/vsc35918/nextflow-work/c0/2a3fdade6c9042cde6f38a41f36fbe started: 1784128707979; exited: -; ]
Jul-15 17:20:27.969 [Task monitor] DEBUG n.processor.TaskPollingMonitor - Task completed > TaskHandler[jobId: 61467872; id: 4; name: ATAC_IMPORT (stunnenberg_NP003); status: COMPLETED; exit: 0; error: -; workDir: /lustre1/scratch/359/vsc35918/nextflow-work/7c/d3daef2ad6546fcdc130510c0621de started: 1784128577963; exited: 2026-07-15T15:20:27Z; ]
Jul-15 17:23:02.977 [Task monitor] DEBUG n.processor.TaskPollingMonitor - Task completed > TaskHandler[jobId: 61467952; id: 19; name: RNA_QC_EMBED; status: COMPLETED; exit: 0; error: -; workDir: /lustre1/scratch/359/vsc35918/nextflow-work/c0/2a3fdade6c9042cde6f38a41f36fbe started: 1784128707979; exited: 2026-07-15T15:23:02Z; ]
Jul-15 17:23:38.005 [Task monitor] DEBUG n.processor.TaskPollingMonitor - Task completed > TaskHandler[jobId: 61467921; id: 17; name: ATAC_IMPORT (stunnenberg_NP009); status: COMPLETED; exit: 0; error: -; workDir: /lustre1/scratch/359/vsc35918/nextflow-work/c3/7048adf75f9f6c68b3f740d6693e9c started: 1784128642964; exited: 2026-07-15T15:23:33Z; ]
Jul-15 17:23:38.386 [Task submitter] DEBUG nextflow.executor.GridTaskHandler - [SLURM] submitted process ATAC_TSSE_THRESHOLD > jobId: 61468013; workDir: /lustre1/scratch/359/vsc35918/nextflow-work/9b/cea48e89c21d7e76b0b2a06539df59
Jul-15 17:23:38.386 [Task submitter] INFO  nextflow.Session - [9b/cea48e] Submitted process > ATAC_TSSE_THRESHOLD
Jul-15 17:24:22.979 [Task monitor] DEBUG n.processor.TaskPollingMonitor - Task completed > TaskHandler[jobId: 61468013; id: 20; name: ATAC_TSSE_THRESHOLD; status: COMPLETED; exit: 0; error: -; workDir: /lustre1/scratch/359/vsc35918/nextflow-work/9b/cea48e89c21d7e76b0b2a06539df59 started: 1784129057977; exited: 2026-07-15T15:24:21Z; ]
Jul-15 17:24:23.694 [Task submitter] DEBUG nextflow.executor.GridTaskHandler - [SLURM] submitted process ATAC_EMBED > jobId: 61468018; workDir: /lustre1/scratch/359/vsc35918/nextflow-work/5c/13b78704c6518c8b6012138b4e1825
Jul-15 17:24:23.694 [Task submitter] INFO  nextflow.Session - [5c/13b787] Submitted process > ATAC_EMBED
Jul-15 17:25:22.980 [Task monitor] DEBUG n.processor.TaskPollingMonitor - !! executor slurm > tasks to be completed: 1 -- submitted tasks are shown below
~> TaskHandler[jobId: 61468018; id: 21; name: ATAC_EMBED; status: RUNNING; exit: -; error: -; workDir: /lustre1/scratch/359/vsc35918/nextflow-work/5c/13b78704c6518c8b6012138b4e1825 started: 1784129117979; exited: -; ]
Jul-15 17:30:22.993 [Task monitor] DEBUG n.processor.TaskPollingMonitor - !! executor slurm > tasks to be completed: 1 -- submitted tasks are shown below
~> TaskHandler[jobId: 61468018; id: 21; name: ATAC_EMBED; status: RUNNING; exit: -; error: -; workDir: /lustre1/scratch/359/vsc35918/nextflow-work/5c/13b78704c6518c8b6012138b4e1825 started: 1784129117979; exited: -; ]
Jul-15 17:34:58.005 [Task monitor] DEBUG n.processor.TaskPollingMonitor - Task completed > TaskHandler[jobId: 61468018; id: 21; name: ATAC_EMBED; status: COMPLETED; exit: 0; error: -; workDir: /lustre1/scratch/359/vsc35918/nextflow-work/5c/13b78704c6518c8b6012138b4e1825 started: 1784129117979; exited: 2026-07-15T15:34:54Z; ]
Jul-15 17:34:58.039 [Actor Thread 15] DEBUG nextflow.conda.CondaCache - mamba found local env for environment=/lustre1/project/stg_00002/lcb/awinderickx/envs/muon_apr26; path=/lustre1/project/stg_00002/lcb/awinderickx/envs/muon_apr26
Jul-15 17:34:58.302 [Task submitter] DEBUG nextflow.executor.GridTaskHandler - [SLURM] submitted process WNN_INTEGRATE_HARMONY (harmony) > jobId: 61468085; workDir: /lustre1/scratch/359/vsc35918/nextflow-work/98/fcc483944b99423124e1c9a9efeba6
Jul-15 17:34:58.303 [Task submitter] INFO  nextflow.Session - [98/fcc483] Submitted process > WNN_INTEGRATE_HARMONY (harmony)
Jul-15 17:35:03.306 [Task submitter] DEBUG nextflow.executor.GridTaskHandler - [SLURM] submitted process WNN_INTEGRATE_RAW (raw) > jobId: 61468087; workDir: /lustre1/scratch/359/vsc35918/nextflow-work/7b/fc1026bc09223063e979028b887a79
Jul-15 17:35:03.306 [Task submitter] INFO  nextflow.Session - [7b/fc1026] Submitted process > WNN_INTEGRATE_RAW (raw)
Jul-15 17:35:23.004 [Task monitor] DEBUG n.processor.TaskPollingMonitor - !! executor slurm > tasks to be completed: 2 -- submitted tasks are shown below
~> TaskHandler[jobId: 61468085; id: 22; name: WNN_INTEGRATE_HARMONY (harmony); status: SUBMITTED; exit: -; error: -; workDir: /lustre1/scratch/359/vsc35918/nextflow-work/98/fcc483944b99423124e1c9a9efeba6 started: -; exited: -; ]
~> TaskHandler[jobId: 61468087; id: 23; name: WNN_INTEGRATE_RAW (raw); status: RUNNING; exit: -; error: -; workDir: /lustre1/scratch/359/vsc35918/nextflow-work/7b/fc1026bc09223063e979028b887a79 started: 1784129718004; exited: -; ]
Jul-15 17:38:28.013 [Task monitor] DEBUG n.processor.TaskPollingMonitor - Task completed > TaskHandler[jobId: 61468087; id: 23; name: WNN_INTEGRATE_RAW (raw); status: COMPLETED; exit: 0; error: -; workDir: /lustre1/scratch/359/vsc35918/nextflow-work/7b/fc1026bc09223063e979028b887a79 started: 1784129718004; exited: 2026-07-15T15:38:27Z; ]
Jul-15 17:38:28.282 [Task submitter] DEBUG nextflow.executor.GridTaskHandler - [SLURM] submitted process ANNOTATE_RAW (raw) > jobId: 61468107; workDir: /lustre1/scratch/359/vsc35918/nextflow-work/2a/eb44e5524a94e4ae1315dabe8cc822
Jul-15 17:38:28.282 [Task submitter] INFO  nextflow.Session - [2a/eb44e5] Submitted process > ANNOTATE_RAW (raw)
Jul-15 17:39:28.015 [Task monitor] DEBUG n.processor.TaskPollingMonitor - Task completed > TaskHandler[jobId: 61468085; id: 22; name: WNN_INTEGRATE_HARMONY (harmony); status: COMPLETED; exit: 0; error: -; workDir: /lustre1/scratch/359/vsc35918/nextflow-work/98/fcc483944b99423124e1c9a9efeba6 started: 1784129723004; exited: 2026-07-15T15:39:23Z; ]
Jul-15 17:39:28.282 [Task submitter] DEBUG nextflow.executor.GridTaskHandler - [SLURM] submitted process ANNOTATE_HARMONY (harmony) > jobId: 61468110; workDir: /lustre1/scratch/359/vsc35918/nextflow-work/2b/d01677be806a89bd0de20937e58b6a
Jul-15 17:39:28.282 [Task submitter] INFO  nextflow.Session - [2b/d01677] Submitted process > ANNOTATE_HARMONY (harmony)
Jul-15 17:40:08.017 [Task monitor] DEBUG n.processor.TaskPollingMonitor - Task completed > TaskHandler[jobId: 61468107; id: 24; name: ANNOTATE_RAW (raw); status: COMPLETED; exit: 0; error: -; workDir: /lustre1/scratch/359/vsc35918/nextflow-work/2a/eb44e5524a94e4ae1315dabe8cc822 started: 1784129963013; exited: 2026-07-15T15:40:04Z; ]
Jul-15 17:40:08.285 [Task submitter] DEBUG nextflow.executor.GridTaskHandler - [SLURM] submitted process PLOTS_RAW (raw) > jobId: 61468113; workDir: /lustre1/scratch/359/vsc35918/nextflow-work/c1/cae7f50e9fb88031f3366219223ef0
Jul-15 17:40:08.285 [Task submitter] INFO  nextflow.Session - [c1/cae7f5] Submitted process > PLOTS_RAW (raw)
Jul-15 17:40:23.016 [Task monitor] DEBUG n.processor.TaskPollingMonitor - !! executor slurm > tasks to be completed: 2 -- submitted tasks are shown below
~> TaskHandler[jobId: 61468110; id: 25; name: ANNOTATE_HARMONY (harmony); status: SUBMITTED; exit: -; error: -; workDir: /lustre1/scratch/359/vsc35918/nextflow-work/2b/d01677be806a89bd0de20937e58b6a started: -; exited: -; ]
~> TaskHandler[jobId: 61468113; id: 26; name: PLOTS_RAW (raw); status: SUBMITTED; exit: -; error: -; workDir: /lustre1/scratch/359/vsc35918/nextflow-work/c1/cae7f50e9fb88031f3366219223ef0 started: -; exited: -; ]
Jul-15 17:40:43.017 [Task monitor] DEBUG n.processor.TaskPollingMonitor - Task completed > TaskHandler[jobId: 61468113; id: 26; name: PLOTS_RAW (raw); status: COMPLETED; exit: 0; error: -; workDir: /lustre1/scratch/359/vsc35918/nextflow-work/c1/cae7f50e9fb88031f3366219223ef0 started: 1784130028016; exited: 2026-07-15T15:40:38Z; ]
Jul-15 17:40:58.018 [Task monitor] DEBUG n.processor.TaskPollingMonitor - Task completed > TaskHandler[jobId: 61468110; id: 25; name: ANNOTATE_HARMONY (harmony); status: COMPLETED; exit: 0; error: -; workDir: /lustre1/scratch/359/vsc35918/nextflow-work/2b/d01677be806a89bd0de20937e58b6a started: 1784130023016; exited: 2026-07-15T15:40:54Z; ]
Jul-15 17:40:58.287 [Task submitter] DEBUG nextflow.executor.GridTaskHandler - [SLURM] submitted process PLOTS_HARMONY (harmony) > jobId: 61468116; workDir: /lustre1/scratch/359/vsc35918/nextflow-work/c6/dbe1d709091bc222199ce478add9f2
Jul-15 17:40:58.288 [Task submitter] INFO  nextflow.Session - [c6/dbe1d7] Submitted process > PLOTS_HARMONY (harmony)
Jul-15 17:41:33.019 [Task monitor] DEBUG n.processor.TaskPollingMonitor - Task completed > TaskHandler[jobId: 61468116; id: 27; name: PLOTS_HARMONY (harmony); status: COMPLETED; exit: 0; error: -; workDir: /lustre1/scratch/359/vsc35918/nextflow-work/c6/dbe1d709091bc222199ce478add9f2 started: 1784130083017; exited: 2026-07-15T15:41:30Z; ]
Jul-15 17:41:33.025 [main] DEBUG nextflow.Session - Session await > all processes finished
Jul-15 17:41:38.017 [Task monitor] DEBUG n.processor.TaskPollingMonitor - <<< barrier arrives (monitor: slurm) - terminating tasks monitor poll loop
Jul-15 17:41:38.018 [main] DEBUG nextflow.Session - Session await > all barriers passed
Jul-15 17:41:38.021 [main] DEBUG nextflow.util.ThreadPoolManager - Thread pool 'TaskFinalizer' shutdown completed (hard=false)
Jul-15 17:41:38.021 [main] DEBUG nextflow.util.ThreadPoolManager - Thread pool 'PublishDir' shutdown completed (hard=false)
Jul-15 17:41:38.024 [main] INFO  nextflow.Nextflow - 
✅  Done. Results in /user/leuven/359/vsc35918/awinderickx/projects/crc/healthy/stunnenberg_normal/

Jul-15 17:41:38.028 [main] DEBUG n.trace.WorkflowStatsObserver - Workflow completed > WorkflowStats[succeededCount=27; failedCount=0; ignoredCount=0; cachedCount=0; pendingCount=0; submittedCount=0; runningCount=0; retriesCount=0; abortedCount=0; succeedDuration=9h 17m 2s; failedDuration=0ms; cachedDuration=0ms;loadCpus=0; loadMemory=0; peakRunning=13; peakCpus=80; peakMemory=504 GB; ]
Jul-15 17:41:38.028 [main] DEBUG nextflow.trace.TraceFileObserver - Workflow completed -- saving trace file
Jul-15 17:41:38.029 [main] DEBUG nextflow.trace.ReportObserver - Workflow completed -- rendering execution report
Jul-15 17:41:38.680 [main] DEBUG nextflow.trace.TimelineObserver - Workflow completed -- rendering execution timeline
Jul-15 17:41:38.795 [main] DEBUG nextflow.cache.CacheDB - Closing CacheDB done
Jul-15 17:41:38.841 [main] DEBUG nextflow.util.ThreadPoolManager - Thread pool 'FileTransfer' shutdown completed (hard=false)
Jul-15 17:41:38.842 [main] DEBUG nextflow.script.ScriptRunner - > Execution complete -- Goodbye
